any returning_any(any data)
{
	return data
}

int main()
{
	int number = 42
	number = returning_any(ref number)
	int number2 = returning_any(number)

	str string = "Hello, World!"
  string = returning_any(string)
  str string2 = returning_any(string)

	int[] array
  array = returning_any(array)
  int[] array2 = returning_any(array)
  array[0] = returning_any(array[0])
  int array0 = returning_any(array[0])

	ref int rnb = returning_any(ref number)
	ref int rnb = returning_any(rnb)
	ref ref int rrnb = returning_any(ref ref rnb)

	return 0
}
